// Jest Snapshot v1, https://jestjs.io/docs/snapshot-testing

exports[`components/post_view/post_view should match snapshot for channel loading 1`] = `
<div
  id="post-list"
>
  <LoadingScreen
    centered={true}
  />
</div>
`;

exports[`components/post_view/post_view should match snapshot for loaderForChangeOfPostsChunk 1`] = `
<div
  id="post-list"
>
  <LoadingScreen
    centered={true}
  />
</div>
`;
