// Jest Snapshot v1, https://goo.gl/fbAQLP

exports[`components/drafts/draft_actions should match snapshot 1`] = `
<ContextProvider
  value={
    Object {
      "store": Object {
        "clearActions": [Function],
        "dispatch": [Function],
        "getActions": [Function],
        "getState": [Function],
        "replaceReducer": [Function],
        "subscribe": [Function],
      },
      "subscription": Subscription {
        "handleChangeWrapper": [Function],
        "listeners": Object {
          "notify": [Function],
        },
        "onStateChange": [Function],
        "parentSub": undefined,
        "store": Object {
          "clearActions": [Function],
          "dispatch": [Function],
          "getActions": [Function],
          "getState": [Function],
          "replaceReducer": [Function],
          "subscribe": [Function],
        },
        "unsubscribe": null,
      },
    }
  }
>
  <Memo(DraftActions)
    canEdit={true}
    canSend={true}
    channelId=""
    displayName=""
    draftId=""
    itemId=""
    onDelete={[MockFunction]}
    onEdit={[MockFunction]}
    onSchedule={[MockFunction]}
    onSend={[MockFunction]}
  />
</ContextProvider>
`;
