// Jest Snapshot v1, https://jestjs.io/docs/snapshot-testing

exports[`components/ColorInput should match snapshot, click on picker 1`] = `
<div
  className="color-input input-group"
>
  <input
    className="form-control"
    data-testid="color-inputColorValue"
    id="sidebarBg-inputColorValue"
    maxLength={7}
    onBlur={[Function]}
    onChange={[Function]}
    onFocus={[Function]}
    onKeyDown={[Function]}
    type="text"
    value="#ffffff"
  />
  <span
    className="input-group-addon color-pad"
    id="sidebarBg-squareColorIcon"
    onClick={[Function]}
  >
    <i
      className="color-icon"
      id="sidebarBg-squareColorIconValue"
      style={
        Object {
          "backgroundColor": "#ffffff",
        }
      }
    />
  </span>
  <div
    className="color-popover"
    id="sidebarBg-ChromePickerModal"
  >
    <ColorPicker
      color="#ffffff"
      disableAlpha={true}
      onChange={[Function]}
      styles={Object {}}
      width={225}
    />
  </div>
</div>
`;

exports[`components/ColorInput should match snapshot, init 1`] = `
<div
  className="color-input input-group"
>
  <input
    className="form-control"
    data-testid="color-inputColorValue"
    id="sidebarBg-inputColorValue"
    maxLength={7}
    onBlur={[Function]}
    onChange={[Function]}
    onFocus={[Function]}
    onKeyDown={[Function]}
    type="text"
    value="#ffffff"
  />
  <span
    className="input-group-addon color-pad"
    id="sidebarBg-squareColorIcon"
    onClick={[Function]}
  >
    <i
      className="color-icon"
      id="sidebarBg-squareColorIconValue"
      style={
        Object {
          "backgroundColor": "#ffffff",
        }
      }
    />
  </span>
</div>
`;

exports[`components/ColorInput should match snapshot, opened 1`] = `
<div
  className="color-input input-group"
>
  <input
    className="form-control"
    data-testid="color-inputColorValue"
    id="sidebarBg-inputColorValue"
    maxLength={7}
    onBlur={[Function]}
    onChange={[Function]}
    onFocus={[Function]}
    onKeyDown={[Function]}
    type="text"
    value="#ffffff"
  />
  <span
    className="input-group-addon color-pad"
    id="sidebarBg-squareColorIcon"
    onClick={[Function]}
  >
    <i
      className="color-icon"
      id="sidebarBg-squareColorIconValue"
      style={
        Object {
          "backgroundColor": "#ffffff",
        }
      }
    />
  </span>
  <div
    className="color-popover"
    id="sidebarBg-ChromePickerModal"
  >
    <ColorPicker
      color="#ffffff"
      disableAlpha={true}
      onChange={[Function]}
      styles={Object {}}
      width={225}
    />
  </div>
</div>
`;

exports[`components/ColorInput should match snapshot, toggle picker 1`] = `
<div
  className="color-input input-group"
>
  <input
    className="form-control"
    data-testid="color-inputColorValue"
    id="sidebarBg-inputColorValue"
    maxLength={7}
    onBlur={[Function]}
    onChange={[Function]}
    onFocus={[Function]}
    onKeyDown={[Function]}
    type="text"
    value="#ffffff"
  />
  <span
    className="input-group-addon color-pad"
    id="sidebarBg-squareColorIcon"
    onClick={[Function]}
  >
    <i
      className="color-icon"
      id="sidebarBg-squareColorIconValue"
      style={
        Object {
          "backgroundColor": "#ffffff",
        }
      }
    />
  </span>
</div>
`;
