// Jest Snapshot v1, https://goo.gl/fbAQLP

exports[`component/add_users_to_group_modal should match snapshot 1`] = `
<Modal
  animation={true}
  aria-labelledby="createUserGroupsModalLabel"
  autoFocus={true}
  backdrop={true}
  bsClass="modal"
  dialogClassName="a11y__modal user-groups-modal-create"
  dialogComponentClass={[Function]}
  enforceFocus={true}
  id="addUsersToGroupsModal"
  keyboard={true}
  manager={
    ModalManager {
      "add": [Function],
      "containers": Array [],
      "data": Array [],
      "handleContainerOverflow": true,
      "hideSiblingNodes": true,
      "isTopModal": [Function],
      "modals": Array [],
      "remove": [Function],
    }
  }
  onExited={[MockFunction]}
  onHide={[Function]}
  renderBackdrop={[Function]}
  restoreFocus={true}
  role="none"
  show={true}
>
  <ModalHeader
    bsClass="modal-header"
    closeButton={true}
    closeLabel="Close"
  >
    <div
      className="d-flex align-items-center"
    >
      <button
        aria-label="Back"
        className="modal-header-back-button btn btn-icon"
        onClick={[Function]}
        type="button"
      >
        <i
          className="icon icon-arrow-left"
        />
      </button>
      <ModalTitle
        bsClass="modal-title"
        componentClass="h1"
        id="addUsersToGroupsModalLabel"
      >
        <MemoizedFormattedMessage
          defaultMessage="Add people to {group}"
          id="user_groups_modal.addPeopleTitle"
          values={
            Object {
              "group": "Group Name",
            }
          }
        />
      </ModalTitle>
    </div>
  </ModalHeader>
  <ModalBody
    bsClass="modal-body"
    className="overflow--visible"
    componentClass="div"
  >
    <div
      className="user-groups-modal__content"
    >
      <form
        role="form"
      >
        <div
          className="group-add-user"
        >
          <Connect(injectIntl(AddUserToGroupMultiSelect))
            addUserCallback={[Function]}
            backButtonClass="multiselect-back"
            backButtonClick={[Function]}
            buttonSubmitLoadingText={
              Object {
                "defaultMessage": "Adding...",
                "id": "multiselect.adding",
              }
            }
            buttonSubmitText={
              Object {
                "defaultMessage": "Add People",
                "id": "multiselect.addPeopleToGroup",
              }
            }
            deleteUserCallback={[Function]}
            focusOnLoad={false}
            groupId="groupid123"
            multilSelectKey="addUsersToGroupKey"
            onSubmitCallback={[Function]}
            saving={false}
            savingEnabled={false}
            searchOptions={
              Object {
                "not_in_group_id": "groupid123",
              }
            }
          />
        </div>
      </form>
    </div>
  </ModalBody>
</Modal>
`;
